{
  "version": "1.5.0",
  "plugins_used": [
    {
      "name": "ArtifactoryDetector"
    },
    {
      "name": "AWSKeyDetector"
    },
    {
      "name": "AzureStorageKeyDetector"
    },
    {
      "name": "Base64HighEntropyString",
      "limit": 4.5
    },
    {
      "name": "BasicAuthDetector"
    },
    {
      "name": "CloudantDetector"
    },
    {
      "name": "DiscordBotTokenDetector"
    },
    {
      "name": "GitHubTokenDetector"
    },
    {
      "name": "GitLabTokenDetector"
    },
    {
      "name": "HexHighEntropyString",
      "limit": 3.0
    },
    {
      "name": "IbmCloudIamDetector"
    },
    {
      "name": "IbmCosHmacDetector"
    },
    {
      "name": "IPPublicDetector"
    },
    {
      "name": "JwtTokenDetector"
    },
    {
      "name": "KeywordDetector",
      "keyword_exclude": ""
    },
    {
      "name": "MailchimpDetector"
    },
    {
      "name": "NpmDetector"
    },
    {
      "name": "OpenAIDetector"
    },
    {
      "name": "PrivateKeyDetector"
    },
    {
      "name": "PypiTokenDetector"
    },
    {
      "name": "SendGridDetector"
    },
    {
      "name": "SlackDetector"
    },
    {
      "name": "SoftlayerDetector"
    },
    {
      "name": "SquareOAuthDetector"
    },
    {
      "name": "StripeDetector"
    },
    {
      "name": "TelegramBotTokenDetector"
    },
    {
      "name": "TwilioKeyDetector"
    }
  ],
  "filters_used": [
    {
      "path": "detect_secrets.filters.allowlist.is_line_allowlisted"
    },
    {
      "path": "detect_secrets.filters.common.is_baseline_file",
      "filename": ".secrets.baseline"
    },
    {
      "path": "detect_secrets.filters.common.is_ignored_due_to_verification_policies",
      "min_level": 2
    },
    {
      "path": "detect_secrets.filters.heuristic.is_indirect_reference"
    },
    {
      "path": "detect_secrets.filters.heuristic.is_likely_id_string"
    },
    {
      "path": "detect_secrets.filters.heuristic.is_lock_file"
    },
    {
      "path": "detect_secrets.filters.heuristic.is_not_alphanumeric_string"
    },
    {
      "path": "detect_secrets.filters.heuristic.is_potential_uuid"
    },
    {
      "path": "detect_secrets.filters.heuristic.is_prefixed_with_dollar_sign"
    },
    {
      "path": "detect_secrets.filters.heuristic.is_sequential_string"
    },
    {
      "path": "detect_secrets.filters.heuristic.is_swagger_file"
    },
    {
      "path": "detect_secrets.filters.heuristic.is_templated_secret"
    },
    {
      "path": "detect_secrets.filters.regex.should_exclude_file",
      "pattern": [
        "uv\\.lock$",
        "\\.secrets\\.baseline$"
      ]
    }
  ],
  "results": {
    "ansible.cfg": [
      {
        "type": "Secret Keyword",
        "filename": "ansible.cfg",
        "hashed_secret": "726cb38ae4b27e8b99ccdcc8bf30422eae9d8377",
        "is_verified": false,
        "line_number": 29
      }
    ],
    "docs/plans/2026-01/2026-01-21-dotfiles-improvement-plan/03-docker-security-env-vars.md": [
      {
        "type": "Secret Keyword",
        "filename": "docs/plans/2026-01/2026-01-21-dotfiles-improvement-plan/03-docker-security-env-vars.md",
        "hashed_secret": "696bc0f488064726c1ee399095fc6ec8b469cdbf",
        "is_verified": false,
        "line_number": 93
      },
      {
        "type": "Secret Keyword",
        "filename": "docs/plans/2026-01/2026-01-21-dotfiles-improvement-plan/03-docker-security-env-vars.md",
        "hashed_secret": "f7a75342741955b2b9b66b55a78e5061f321ff44",
        "is_verified": false,
        "line_number": 94
      }
    ],
    "docs/plans/2026-03/2026-03-29-tailscale-setup-design.md": [
      {
        "type": "Secret Keyword",
        "filename": "docs/plans/2026-03/2026-03-29-tailscale-setup-design.md",
        "hashed_secret": "85b099e5d30374b2900e17ead706e219738b5485",
        "is_verified": false,
        "line_number": 283
      }
    ],
    "docs/plans/2026-03/2026-03-29-tailscale-setup-plan.md": [
      {
        "type": "Secret Keyword",
        "filename": "docs/plans/2026-03/2026-03-29-tailscale-setup-plan.md",
        "hashed_secret": "1a40aedc73cdcc13a8ecf34325a8b32030b7fbd4",
        "is_verified": false,
        "line_number": 638
      },
      {
        "type": "Secret Keyword",
        "filename": "docs/plans/2026-03/2026-03-29-tailscale-setup-plan.md",
        "hashed_secret": "85b099e5d30374b2900e17ead706e219738b5485",
        "is_verified": false,
        "line_number": 702
      }
    ],
    "local_bootstrap.sh": [
      {
        "type": "Hex High Entropy String",
        "filename": "local_bootstrap.sh",
        "hashed_secret": "472fd429d5350124719ffb31e185be416cea1e9a",
        "is_verified": false,
        "line_number": 39
      }
    ],
    "nas_bootstrap.sh": [
      {
        "type": "Hex High Entropy String",
        "filename": "nas_bootstrap.sh",
        "hashed_secret": "472fd429d5350124719ffb31e185be416cea1e9a",
        "is_verified": false,
        "line_number": 39
      }
    ],
    "playbooks/README.md": [
      {
        "type": "Hex High Entropy String",
        "filename": "playbooks/README.md",
        "hashed_secret": "472fd429d5350124719ffb31e185be416cea1e9a",
        "is_verified": false,
        "line_number": 257
      }
    ],
    "services/homeassistant/config/scripts/get_lutron_cert.py": [
      {
        "type": "Hex High Entropy String",
        "filename": "services/homeassistant/config/scripts/get_lutron_cert.py",
        "hashed_secret": "e7b4922d2dfd49a25e906bc9ce2326a6151a933e",
        "is_verified": false,
        "line_number": 46
      },
      {
        "type": "Secret Keyword",
        "filename": "services/homeassistant/config/scripts/get_lutron_cert.py",
        "hashed_secret": "e7b4922d2dfd49a25e906bc9ce2326a6151a933e",
        "is_verified": false,
        "line_number": 46
      }
    ],
    "services/homeassistant/config/secrets_template.yaml": [
      {
        "type": "Secret Keyword",
        "filename": "services/homeassistant/config/secrets_template.yaml",
        "hashed_secret": "6eef6648406c333a4035cd5e60d0bf2ecf2606d7",
        "is_verified": false,
        "line_number": 5
      }
    ],
    "services/homeassistant/config/www/hass.html": [
      {
        "type": "Base64 High Entropy String",
        "filename": "services/homeassistant/config/www/hass.html",
        "hashed_secret": "3fff009038cc1bf1db64d7b5ced22e41da6e0383",
        "is_verified": false,
        "line_number": 1429
      },
      {
        "type": "Base64 High Entropy String",
        "filename": "services/homeassistant/config/www/hass.html",
        "hashed_secret": "9df1e507a11fe7fec188f6ae41a94d5a585efd45",
        "is_verified": false,
        "line_number": 1430
      },
      {
        "type": "Base64 High Entropy String",
        "filename": "services/homeassistant/config/www/hass.html",
        "hashed_secret": "f1314239c0be62f1a60d5ae461dfb0db0a58e5f4",
        "is_verified": false,
        "line_number": 1431
      }
    ]
  },
  "generated_at": "2026-07-08T11:16:50Z"
}
